{"step": 100, "loss": 5.930330276489258, "seconds": 181.36411354201846}
{"step": 200, "loss": 5.16885232925415, "seconds": 327.74224345805123}
{"step": 300, "loss": 4.770274639129639, "seconds": 486.083888333058}
{"step": 400, "loss": 4.468626022338867, "seconds": 670.2991715420503}
{"validation": {"step": 400, "bpb": 2.177482944183989, "token_ppl": 99.57684837062465, "nll_nats": 1732705.520886463, "targets": 376599, "utf8_bytes": 1148007, "seconds": 26.30958008300513}}
{"step": 500, "loss": 4.4454121589660645, "seconds": 818.0839437919203}
{"step": 600, "loss": 4.224880695343018, "seconds": 962.1497802089434}
{"step": 700, "loss": 4.060838222503662, "seconds": 1149.9862309170421}
{"step": 800, "loss": 4.053961753845215, "seconds": 1298.8731759591028}
{"validation": {"step": 800, "bpb": 1.9692432569326572, "token_ppl": 64.13100911839743, "nll_nats": 1567001.3270916091, "targets": 376599, "utf8_bytes": 1148007, "seconds": 27.302190207876265}}
{"step": 900, "loss": 3.8511087894439697, "seconds": 1445.3104190011509}
{"step": 1000, "loss": 3.838371753692627, "seconds": 1605.860968126217}
{"step": 1100, "loss": 3.6622397899627686, "seconds": 1811.4781358761247}
{"step": 1200, "loss": 3.6322333812713623, "seconds": 2016.4038197922055}
{"validation": {"step": 1200, "bpb": 1.834981395494095, "token_ppl": 48.29066900861541, "nll_nats": 1460164.08679062, "targets": 376599, "utf8_bytes": 1148007, "seconds": 24.8264897079207}}
{"step": 1300, "loss": 3.5231804847717285, "seconds": 2203.2335745012388}
{"step": 1400, "loss": 3.3742082118988037, "seconds": 2443.6839049591217}
{"step": 1500, "loss": 3.354158878326416, "seconds": 2717.2822922512423}
{"step": 1600, "loss": 3.319722890853882, "seconds": 2978.2122904593125}
{"validation": {"step": 1600, "bpb": 1.7701014740791858, "token_ppl": 42.1042975128638, "nll_nats": 1408536.679866236, "targets": 376599, "utf8_bytes": 1148007, "seconds": 31.461654749931768}}
{"step": 1700, "loss": 3.4242753982543945, "seconds": 3124.34628258436}
{"step": 1800, "loss": 3.3489279747009277, "seconds": 3268.84782758425}
{"step": 1900, "loss": 3.33441162109375, "seconds": 3409.7992905431893}
{"step": 2000, "loss": 3.260145425796509, "seconds": 3561.0939531682525}
{"validation": {"step": 2000, "bpb": 1.7268896906178202, "token_ppl": 38.43025872277811, "nll_nats": 1374151.4296989068, "targets": 376599, "utf8_bytes": 1148007, "seconds": 26.30186479189433}}
{"step": 2100, "loss": 3.1307196617126465, "seconds": 3713.0210237924475}
{"step": 2200, "loss": 3.2170064449310303, "seconds": 3850.7355105422903}
{"step": 2300, "loss": 3.1798477172851562, "seconds": 3990.021300751483}
{"step": 2400, "loss": 3.1449620723724365, "seconds": 4155.037479667459}
{"validation": {"step": 2400, "bpb": 1.7049039506189336, "token_ppl": 36.685815981338436, "nll_nats": 1356656.5449841514, "targets": 376599, "utf8_bytes": 1148007, "seconds": 28.338291374966502}}
{"step": 2500, "loss": 3.1751644611358643, "seconds": 4363.790495126508}
{"step": 2600, "loss": 3.1977128982543945, "seconds": 4501.489128626417}
{"step": 2700, "loss": 3.1505937576293945, "seconds": 4657.951291751349}
{"step": 2800, "loss": 3.1827423572540283, "seconds": 4803.566726209363}
{"validation": {"step": 2800, "bpb": 1.6916965264655244, "token_ppl": 35.67618802791652, "nll_nats": 1346146.8981424044, "targets": 376599, "utf8_bytes": 1148007, "seconds": 24.551318999845535}}
{"step": 2900, "loss": 2.9772448539733887, "seconds": 4943.718243876472}
{"step": 3000, "loss": 2.986422300338745, "seconds": 5087.710555542493}
{"step": 3100, "loss": 3.1006433963775635, "seconds": 5239.41897666757}
{"step": 3200, "loss": 3.035449504852295, "seconds": 5385.819388126489}
{"validation": {"step": 3200, "bpb": 1.6832162166025695, "token_ppl": 35.04261621258306, "nll_nats": 1339398.7948988786, "targets": 376599, "utf8_bytes": 1148007, "seconds": 23.61461441591382}}
{
  "protocol": "7506-mp1-wt2-v2",
  "implementation": "student",
  "config": {
    "vocab": 2048,
    "width": 192,
    "heads": 6,
    "depth": 8,
    "context": 256
  },
  "seed": 17,
  "parameters": 4003712,
  "precision": "fp32",
  "train_tokens": 26214400,
  "preparation_seconds": 14.08495720801875,
  "train_seconds": 5385.835216960637,
  "validation": {
    "bpb": 1.6832162166025695,
    "token_ppl": 35.04261621258306,
    "nll_nats": 1339398.7948988786,
    "targets": 376599,
    "utf8_bytes": 1148007,
    "seconds": 22.28053537500091
  },
  "history": [],
  "raw_validation": null,
  "ema_decay": 0.0,
  "validation_history": [
    {
      "step": 400,
      "bpb": 2.177482944183989,
      "token_ppl": 99.57684837062465,
      "nll_nats": 1732705.520886463,
      "targets": 376599,
      "utf8_bytes": 1148007,
      "seconds": 26.30958008300513
    },
    {
      "step": 800,
      "bpb": 1.9692432569326572,
      "token_ppl": 64.13100911839743,
      "nll_nats": 1567001.3270916091,
      "targets": 376599,
      "utf8_bytes": 1148007,
      "seconds": 27.302190207876265
    },
    {
      "step": 1200,
      "bpb": 1.834981395494095,
      "token_ppl": 48.29066900861541,
      "nll_nats": 1460164.08679062,
      "targets": 376599,
      "utf8_bytes": 1148007,
      "seconds": 24.8264897079207
    },
    {
      "step": 1600,
      "bpb": 1.7701014740791858,
      "token_ppl": 42.1042975128638,
      "nll_nats": 1408536.679866236,
      "targets": 376599,
      "utf8_bytes": 1148007,
      "seconds": 31.461654749931768
    },
    {
      "step": 2000,
      "bpb": 1.7268896906178202,
      "token_ppl": 38.43025872277811,
      "nll_nats": 1374151.4296989068,
      "targets": 376599,
      "utf8_bytes": 1148007,
      "seconds": 26.30186479189433
    },
    {
      "step": 2400,
      "bpb": 1.7049039506189336,
      "token_ppl": 36.685815981338436,
      "nll_nats": 1356656.5449841514,
      "targets": 376599,
      "utf8_bytes": 1148007,
      "seconds": 28.338291374966502
    },
    {
      "step": 2800,
      "bpb": 1.6916965264655244,
      "token_ppl": 35.67618802791652,
      "nll_nats": 1346146.8981424044,
      "targets": 376599,
      "utf8_bytes": 1148007,
      "seconds": 24.551318999845535
    },
    {
      "step": 3200,
      "bpb": 1.6832162166025695,
      "token_ppl": 35.04261621258306,
      "nll_nats": 1339398.7948988786,
      "targets": 376599,
      "utf8_bytes": 1148007,
      "seconds": 23.61461441591382
    }
  ],
  "intermediate_validation_seconds": 212.70600433135405,
  "process_seconds": 5635.085180167109,
  "torch_version": "2.7.1",
  "threads": 4,
  "checkpoint_sha256": "491088f319f522953fe0aa86c48979fd00885adb91984025f84ff9d5522b26ee",
  "implementation_sha256": "5f9a3049d411a3c3c6f3bb31e3ff5650209724ecabc253b58222eb04931ef06d",
  "device": "cpu",
  "device_name": "CPU",
  "peak_allocated_gb": 0.0,
  "peak_reserved_gb": 0.0
}
