{"step": 100, "loss": 5.93142032623291, "seconds": 128.8714894168079}
{"step": 200, "loss": 5.172232627868652, "seconds": 255.82890995778143}
{"step": 300, "loss": 4.773311138153076, "seconds": 395.7827036669478}
{"step": 400, "loss": 4.467561721801758, "seconds": 530.9614823327865}
{"step": 500, "loss": 4.445996284484863, "seconds": 660.0899069579318}
{"step": 600, "loss": 4.221651554107666, "seconds": 785.3040944999084}
{"validation": {"step": 600, "bpb": 2.070162813084871, "token_ppl": 79.37367605605463, "nll_nats": 1647306.8342265373, "targets": 376599, "utf8_bytes": 1148007, "seconds": 21.95946062519215}}
{"step": 700, "loss": 4.0670881271362305, "seconds": 910.6361914996523}
{"step": 800, "loss": 4.063778400421143, "seconds": 1034.1276127917226}
{"step": 900, "loss": 3.8578176498413086, "seconds": 1159.152665749658}
{"step": 1000, "loss": 3.8255863189697266, "seconds": 1282.7872111666948}
{"step": 1100, "loss": 3.652660846710205, "seconds": 1405.625249874778}
{"step": 1200, "loss": 3.62161922454834, "seconds": 1529.7106844165828}
{"validation": {"step": 1200, "bpb": 1.831311887043618, "token_ppl": 47.917694301074256, "nll_nats": 1457244.1201529647, "targets": 376599, "utf8_bytes": 1148007, "seconds": 23.212649083929136}}
{"step": 1300, "loss": 3.514417886734009, "seconds": 1662.1223275826778}
{"step": 1400, "loss": 3.368422508239746, "seconds": 1798.514102873858}
{"step": 1500, "loss": 3.354468584060669, "seconds": 1939.4073967908043}
{"step": 1600, "loss": 3.316471576690674, "seconds": 2088.3608672907576}
{"step": 1700, "loss": 3.4300191402435303, "seconds": 2247.9250354578253}
{"step": 1800, "loss": 3.3506245613098145, "seconds": 2402.1047576656565}
{"validation": {"step": 1800, "bpb": 1.7421854689647414, "token_ppl": 39.692588074060644, "nll_nats": 1386322.858944199, "targets": 376599, "utf8_bytes": 1148007, "seconds": 31.186138707911596}}
{"step": 1900, "loss": 3.336014986038208, "seconds": 2560.538328415947}
{"step": 2000, "loss": 3.2635116577148438, "seconds": 2720.929361499846}
{"step": 2100, "loss": 3.1483936309814453, "seconds": 2886.0783863328397}
{"step": 2200, "loss": 3.2587897777557373, "seconds": 3050.416460374836}
{"step": 2300, "loss": 3.2336483001708984, "seconds": 3220.5835811658762}
{"step": 2400, "loss": 3.2146565914154053, "seconds": 3383.034541624831}
{"validation": {"step": 2400, "bpb": 1.713179969658656, "token_ppl": 37.332978356489235, "nll_nats": 1363242.0862943095, "targets": 376599, "utf8_bytes": 1148007, "seconds": 32.93651987495832}}
{
  "protocol": "7506-mp1-wt2-v2",
  "implementation": "student",
  "config": {
    "vocab": 2048,
    "width": 192,
    "heads": 6,
    "depth": 8,
    "context": 256
  },
  "seed": 17,
  "parameters": 4003712,
  "precision": "fp32",
  "train_tokens": 19660800,
  "preparation_seconds": 12.552116457838565,
  "train_seconds": 3383.036840207875,
  "validation": {
    "bpb": 1.713179969658656,
    "token_ppl": 37.332978356489235,
    "nll_nats": 1363242.0862943095,
    "targets": 376599,
    "utf8_bytes": 1148007,
    "seconds": 33.47421033401042
  },
  "history": [],
  "raw_validation": null,
  "ema_decay": 0.0,
  "validation_history": [
    {
      "step": 600,
      "bpb": 2.070162813084871,
      "token_ppl": 79.37367605605463,
      "nll_nats": 1647306.8342265373,
      "targets": 376599,
      "utf8_bytes": 1148007,
      "seconds": 21.95946062519215
    },
    {
      "step": 1200,
      "bpb": 1.831311887043618,
      "token_ppl": 47.917694301074256,
      "nll_nats": 1457244.1201529647,
      "targets": 376599,
      "utf8_bytes": 1148007,
      "seconds": 23.212649083929136
    },
    {
      "step": 1800,
      "bpb": 1.7421854689647414,
      "token_ppl": 39.692588074060644,
      "nll_nats": 1386322.858944199,
      "targets": 376599,
      "utf8_bytes": 1148007,
      "seconds": 31.186138707911596
    },
    {
      "step": 2400,
      "bpb": 1.713179969658656,
      "token_ppl": 37.332978356489235,
      "nll_nats": 1363242.0862943095,
      "targets": 376599,
      "utf8_bytes": 1148007,
      "seconds": 32.93651987495832
    }
  ],
  "intermediate_validation_seconds": 109.2947682919912,
  "process_seconds": 3538.5529657499865,
  "torch_version": "2.7.1",
  "threads": 4,
  "checkpoint_sha256": "fbdb5fabf17961a27112ac5afd1dc96a2fdf179208355dbd68fd28299d55dc13",
  "implementation_sha256": "48ba284efa7f12bf9bf5f96dfb69ecb593150f2739190d30c02080ca99349494",
  "device": "cpu",
  "device_name": "CPU",
  "peak_allocated_gb": 0.0,
  "peak_reserved_gb": 0.0
}
